Archive member included to satisfy reference by file (symbol)

C:/ti/mspm0_sdk_2_04_00_06/source\ti/driverlib/lib/gcc/m0p/mspm0c110x/driverlib.a(dl_common.o)
                              ./ti_msp_dl_config.o (DL_Common_delayCycles)
C:/ti/mspm0_sdk_2_04_00_06/source\ti/driverlib/lib/gcc/m0p/mspm0c110x/driverlib.a(dl_flashctl.o)
                              ./src/hal_flash.o (DL_FlashCTL_eraseMemory)
C:/ti/mspm0_sdk_2_04_00_06/source\ti/driverlib/lib/gcc/m0p/mspm0c110x/driverlib.a(dl_uart.o)
                              ./ti_msp_dl_config.o (DL_UART_init)
c:/ti/gcc_arm_none_eabi_9_2_1/bin/../lib/gcc/arm-none-eabi/9.2.1/thumb/v6-m/nofp\libgcc.a(_udivsi3.o)
                              C:/ti/mspm0_sdk_2_04_00_06/source\ti/driverlib/lib/gcc/m0p/mspm0c110x/driverlib.a(dl_flashctl.o) (__aeabi_uidiv)
c:/ti/gcc_arm_none_eabi_9_2_1/bin/../lib/gcc/arm-none-eabi/9.2.1/thumb/v6-m/nofp\libgcc.a(_divsi3.o)
                              C:/ti/mspm0_sdk_2_04_00_06/source\ti/driverlib/lib/gcc/m0p/mspm0c110x/driverlib.a(dl_flashctl.o) (__aeabi_idiv)
c:/ti/gcc_arm_none_eabi_9_2_1/bin/../lib/gcc/arm-none-eabi/9.2.1/thumb/v6-m/nofp\libgcc.a(_dvmd_tls.o)
                              c:/ti/gcc_arm_none_eabi_9_2_1/bin/../lib/gcc/arm-none-eabi/9.2.1/thumb/v6-m/nofp\libgcc.a(_udivsi3.o) (__aeabi_idiv0)
C:/ti/gcc_arm_none_eabi_9_2_1/arm-none-eabi/lib/thumb/v6-m/nofp\libc.a(lib_a-init.o)
                              ./startup_mspm0c110x_gcc.o (__libc_init_array)
C:/ti/gcc_arm_none_eabi_9_2_1/arm-none-eabi/lib/thumb/v6-m/nofp\libc.a(lib_a-memcpy-stub.o)
                              ./src/hal_uart.o (memcpy)

Discarded input sections

 .text.hal_flash_write_mem_32
                0x00000000       0x44 ./src/hal_flash.o
 .text.hal_flash_write_mem_64
                0x00000000       0x44 ./src/hal_flash.o
 .text.hal_flash_read_mem
                0x00000000       0x16 ./src/hal_flash.o
 .text.hal_flash_erase_mem
                0x00000000       0x58 ./src/hal_flash.o
 .text.hal_flash_write_mem_32bit
                0x00000000       0x24 ./src/hal_flash.o
 .text.hal_uart_write
                0x00000000        0x8 ./src/hal_uart.o
 .text.hal_uart_fetch_rx_buf_cnt
                0x00000000        0xc ./src/hal_uart.o
 .ramfunc       0x00000000       0x34 C:/ti/mspm0_sdk_2_04_00_06/source\ti/driverlib/lib/gcc/m0p/mspm0c110x/driverlib.a(dl_flashctl.o)
 .text.DL_FlashCTL_eraseMemory
                0x00000000       0x18 C:/ti/mspm0_sdk_2_04_00_06/source\ti/driverlib/lib/gcc/m0p/mspm0c110x/driverlib.a(dl_flashctl.o)
 .text.DL_FlashCTL_eraseMemoryFromRAM
                0x00000000       0x18 C:/ti/mspm0_sdk_2_04_00_06/source\ti/driverlib/lib/gcc/m0p/mspm0c110x/driverlib.a(dl_flashctl.o)
 .text.DL_FlashCTL_programMemory8
                0x00000000       0x28 C:/ti/mspm0_sdk_2_04_00_06/source\ti/driverlib/lib/gcc/m0p/mspm0c110x/driverlib.a(dl_flashctl.o)
 .text.DL_FlashCTL_programMemoryFromRAM8
                0x00000000       0x2c C:/ti/mspm0_sdk_2_04_00_06/source\ti/driverlib/lib/gcc/m0p/mspm0c110x/driverlib.a(dl_flashctl.o)
 .text.DL_FlashCTL_programMemory16
                0x00000000       0x2c C:/ti/mspm0_sdk_2_04_00_06/source\ti/driverlib/lib/gcc/m0p/mspm0c110x/driverlib.a(dl_flashctl.o)
 .text.DL_FlashCTL_programMemoryFromRAM16
                0x00000000       0x2c C:/ti/mspm0_sdk_2_04_00_06/source\ti/driverlib/lib/gcc/m0p/mspm0c110x/driverlib.a(dl_flashctl.o)
 .text.DL_FlashCTL_programMemory32
                0x00000000       0x2c C:/ti/mspm0_sdk_2_04_00_06/source\ti/driverlib/lib/gcc/m0p/mspm0c110x/driverlib.a(dl_flashctl.o)
 .text.DL_FlashCTL_programMemoryFromRAM32
                0x00000000       0x2c C:/ti/mspm0_sdk_2_04_00_06/source\ti/driverlib/lib/gcc/m0p/mspm0c110x/driverlib.a(dl_flashctl.o)
 .text.DL_FlashCTL_programMemory64
                0x00000000       0x34 C:/ti/mspm0_sdk_2_04_00_06/source\ti/driverlib/lib/gcc/m0p/mspm0c110x/driverlib.a(dl_flashctl.o)
 .text.DL_FlashCTL_programMemoryFromRAM64
                0x00000000       0x34 C:/ti/mspm0_sdk_2_04_00_06/source\ti/driverlib/lib/gcc/m0p/mspm0c110x/driverlib.a(dl_flashctl.o)
 .text.DL_FlashCTL_programMemory8WithECCGenerated
                0x00000000       0x2c C:/ti/mspm0_sdk_2_04_00_06/source\ti/driverlib/lib/gcc/m0p/mspm0c110x/driverlib.a(dl_flashctl.o)
 .text.DL_FlashCTL_programMemoryFromRAM8WithECCGenerated
                0x00000000       0x2c C:/ti/mspm0_sdk_2_04_00_06/source\ti/driverlib/lib/gcc/m0p/mspm0c110x/driverlib.a(dl_flashctl.o)
 .text.DL_FlashCTL_programMemory16WithECCGenerated
                0x00000000       0x2c C:/ti/mspm0_sdk_2_04_00_06/source\ti/driverlib/lib/gcc/m0p/mspm0c110x/driverlib.a(dl_flashctl.o)
 .text.DL_FlashCTL_programMemoryFromRAM16WithECCGenerated
                0x00000000       0x2c C:/ti/mspm0_sdk_2_04_00_06/source\ti/driverlib/lib/gcc/m0p/mspm0c110x/driverlib.a(dl_flashctl.o)
 .text.DL_FlashCTL_programMemory32WithECCGenerated
                0x00000000       0x2c C:/ti/mspm0_sdk_2_04_00_06/source\ti/driverlib/lib/gcc/m0p/mspm0c110x/driverlib.a(dl_flashctl.o)
 .text.DL_FlashCTL_programMemoryFromRAM32WithECCGenerated
                0x00000000       0x2c C:/ti/mspm0_sdk_2_04_00_06/source\ti/driverlib/lib/gcc/m0p/mspm0c110x/driverlib.a(dl_flashctl.o)
 .text.DL_FlashCTL_programMemory64WithECCGenerated
                0x00000000       0x38 C:/ti/mspm0_sdk_2_04_00_06/source\ti/driverlib/lib/gcc/m0p/mspm0c110x/driverlib.a(dl_flashctl.o)
 .text.DL_FlashCTL_programMemoryFromRAM64WithECCGenerated
                0x00000000       0x38 C:/ti/mspm0_sdk_2_04_00_06/source\ti/driverlib/lib/gcc/m0p/mspm0c110x/driverlib.a(dl_flashctl.o)
 .text.DL_FlashCTL_programMemory8WithECCManual
                0x00000000       0x38 C:/ti/mspm0_sdk_2_04_00_06/source\ti/driverlib/lib/gcc/m0p/mspm0c110x/driverlib.a(dl_flashctl.o)
 .text.DL_FlashCTL_programMemoryFromRAM8WithECCManual
                0x00000000       0x38 C:/ti/mspm0_sdk_2_04_00_06/source\ti/driverlib/lib/gcc/m0p/mspm0c110x/driverlib.a(dl_flashctl.o)
 .text.DL_FlashCTL_programMemory16WithECCManual
                0x00000000       0x38 C:/ti/mspm0_sdk_2_04_00_06/source\ti/driverlib/lib/gcc/m0p/mspm0c110x/driverlib.a(dl_flashctl.o)
 .text.DL_FlashCTL_programMemoryFromRAM16WithECCManual
                0x00000000       0x38 C:/ti/mspm0_sdk_2_04_00_06/source\ti/driverlib/lib/gcc/m0p/mspm0c110x/driverlib.a(dl_flashctl.o)
 .text.DL_FlashCTL_programMemory32WithECCManual
                0x00000000       0x38 C:/ti/mspm0_sdk_2_04_00_06/source\ti/driverlib/lib/gcc/m0p/mspm0c110x/driverlib.a(dl_flashctl.o)
 .text.DL_FlashCTL_programMemoryFromRAM32WithECCManual
                0x00000000       0x38 C:/ti/mspm0_sdk_2_04_00_06/source\ti/driverlib/lib/gcc/m0p/mspm0c110x/driverlib.a(dl_flashctl.o)
 .text.DL_FlashCTL_programMemory64WithECCManual
                0x00000000       0x44 C:/ti/mspm0_sdk_2_04_00_06/source\ti/driverlib/lib/gcc/m0p/mspm0c110x/driverlib.a(dl_flashctl.o)
 .text.DL_FlashCTL_programMemoryFromRAM64WithECCManual
                0x00000000       0x44 C:/ti/mspm0_sdk_2_04_00_06/source\ti/driverlib/lib/gcc/m0p/mspm0c110x/driverlib.a(dl_flashctl.o)
 .text.DL_FlashCTL_unprotectMainMemory
                0x00000000       0x1c C:/ti/mspm0_sdk_2_04_00_06/source\ti/driverlib/lib/gcc/m0p/mspm0c110x/driverlib.a(dl_flashctl.o)
 .text.DL_FlashCTL_unprotectDataMemory
                0x00000000       0x1c C:/ti/mspm0_sdk_2_04_00_06/source\ti/driverlib/lib/gcc/m0p/mspm0c110x/driverlib.a(dl_flashctl.o)
 .text.DL_FlashCTL_protectMainMemory
                0x00000000       0x20 C:/ti/mspm0_sdk_2_04_00_06/source\ti/driverlib/lib/gcc/m0p/mspm0c110x/driverlib.a(dl_flashctl.o)
 .text.DL_FlashCTL_unprotectNonMainMemory
                0x00000000        0xc C:/ti/mspm0_sdk_2_04_00_06/source\ti/driverlib/lib/gcc/m0p/mspm0c110x/driverlib.a(dl_flashctl.o)
 .text.DL_FlashCTL_protectNonMainMemory
                0x00000000       0x10 C:/ti/mspm0_sdk_2_04_00_06/source\ti/driverlib/lib/gcc/m0p/mspm0c110x/driverlib.a(dl_flashctl.o)
 .text.DL_FlashCTL_unprotectAllMemory
                0x00000000       0x34 C:/ti/mspm0_sdk_2_04_00_06/source\ti/driverlib/lib/gcc/m0p/mspm0c110x/driverlib.a(dl_flashctl.o)
 .text.DL_FlashCTL_protectAllMemory
                0x00000000       0x38 C:/ti/mspm0_sdk_2_04_00_06/source\ti/driverlib/lib/gcc/m0p/mspm0c110x/driverlib.a(dl_flashctl.o)
 .text.DL_FlashCTL_unprotectSector
                0x00000000      0x128 C:/ti/mspm0_sdk_2_04_00_06/source\ti/driverlib/lib/gcc/m0p/mspm0c110x/driverlib.a(dl_flashctl.o)
 .text.DL_FlashCTL_programMemoryBlocking64WithECCGenerated
                0x00000000       0xd0 C:/ti/mspm0_sdk_2_04_00_06/source\ti/driverlib/lib/gcc/m0p/mspm0c110x/driverlib.a(dl_flashctl.o)
 .text.DL_FlashCTL_programMemoryBlockingFromRAM64WithECCGenerated
                0x00000000       0xb0 C:/ti/mspm0_sdk_2_04_00_06/source\ti/driverlib/lib/gcc/m0p/mspm0c110x/driverlib.a(dl_flashctl.o)
 .text.DL_FlashCTL_programMemoryBlocking64WithECCManual
                0x00000000       0xdc C:/ti/mspm0_sdk_2_04_00_06/source\ti/driverlib/lib/gcc/m0p/mspm0c110x/driverlib.a(dl_flashctl.o)
 .text.DL_FlashCTL_programMemoryBlockingFromRAM64WithECCManual
                0x00000000       0xcc C:/ti/mspm0_sdk_2_04_00_06/source\ti/driverlib/lib/gcc/m0p/mspm0c110x/driverlib.a(dl_flashctl.o)
 .text.DL_FlashCTL_programMemoryBlocking
                0x00000000       0xe4 C:/ti/mspm0_sdk_2_04_00_06/source\ti/driverlib/lib/gcc/m0p/mspm0c110x/driverlib.a(dl_flashctl.o)
 .text.DL_FlashCTL_programMemoryFromRAM
                0x00000000       0xac C:/ti/mspm0_sdk_2_04_00_06/source\ti/driverlib/lib/gcc/m0p/mspm0c110x/driverlib.a(dl_flashctl.o)
 .text.DL_FlashCTL_protectSector
                0x00000000      0x12c C:/ti/mspm0_sdk_2_04_00_06/source\ti/driverlib/lib/gcc/m0p/mspm0c110x/driverlib.a(dl_flashctl.o)
 .text.DL_FlashCTL_readVerify8
                0x00000000       0x2c C:/ti/mspm0_sdk_2_04_00_06/source\ti/driverlib/lib/gcc/m0p/mspm0c110x/driverlib.a(dl_flashctl.o)
 .text.DL_FlashCTL_readVerify16
                0x00000000       0x2c C:/ti/mspm0_sdk_2_04_00_06/source\ti/driverlib/lib/gcc/m0p/mspm0c110x/driverlib.a(dl_flashctl.o)
 .text.DL_FlashCTL_readVerify32
                0x00000000       0x2c C:/ti/mspm0_sdk_2_04_00_06/source\ti/driverlib/lib/gcc/m0p/mspm0c110x/driverlib.a(dl_flashctl.o)
 .text.DL_FlashCTL_readVerify64
                0x00000000       0x38 C:/ti/mspm0_sdk_2_04_00_06/source\ti/driverlib/lib/gcc/m0p/mspm0c110x/driverlib.a(dl_flashctl.o)
 .text.DL_FlashCTL_readVerifyFromRAM8
                0x00000000       0x2c C:/ti/mspm0_sdk_2_04_00_06/source\ti/driverlib/lib/gcc/m0p/mspm0c110x/driverlib.a(dl_flashctl.o)
 .text.DL_FlashCTL_readVerifyFromRAM16
                0x00000000       0x2c C:/ti/mspm0_sdk_2_04_00_06/source\ti/driverlib/lib/gcc/m0p/mspm0c110x/driverlib.a(dl_flashctl.o)
 .text.DL_FlashCTL_readVerifyFromRAM32
                0x00000000       0x2c C:/ti/mspm0_sdk_2_04_00_06/source\ti/driverlib/lib/gcc/m0p/mspm0c110x/driverlib.a(dl_flashctl.o)
 .text.DL_FlashCTL_readVerifyFromRAM64
                0x00000000       0x34 C:/ti/mspm0_sdk_2_04_00_06/source\ti/driverlib/lib/gcc/m0p/mspm0c110x/driverlib.a(dl_flashctl.o)
 .text.DL_FlashCTL_readVerifyFromRAM8WithECCGenerated
                0x00000000       0x2c C:/ti/mspm0_sdk_2_04_00_06/source\ti/driverlib/lib/gcc/m0p/mspm0c110x/driverlib.a(dl_flashctl.o)
 .text.DL_FlashCTL_readVerifyFromRAM16WithECCGenerated
                0x00000000       0x2c C:/ti/mspm0_sdk_2_04_00_06/source\ti/driverlib/lib/gcc/m0p/mspm0c110x/driverlib.a(dl_flashctl.o)
 .text.DL_FlashCTL_readVerifyFromRAM32WithECCGenerated
                0x00000000       0x2c C:/ti/mspm0_sdk_2_04_00_06/source\ti/driverlib/lib/gcc/m0p/mspm0c110x/driverlib.a(dl_flashctl.o)
 .text.DL_FlashCTL_readVerifyFromRAM64WithECCGenerated
                0x00000000       0x38 C:/ti/mspm0_sdk_2_04_00_06/source\ti/driverlib/lib/gcc/m0p/mspm0c110x/driverlib.a(dl_flashctl.o)
 .text.DL_FlashCTL_readVerifyFromRAM8WithECCManual
                0x00000000       0x38 C:/ti/mspm0_sdk_2_04_00_06/source\ti/driverlib/lib/gcc/m0p/mspm0c110x/driverlib.a(dl_flashctl.o)
 .text.DL_FlashCTL_readVerifyFromRAM16WithECCManual
                0x00000000       0x38 C:/ti/mspm0_sdk_2_04_00_06/source\ti/driverlib/lib/gcc/m0p/mspm0c110x/driverlib.a(dl_flashctl.o)
 .text.DL_FlashCTL_readVerifyFromRAM32WithECCManual
                0x00000000       0x38 C:/ti/mspm0_sdk_2_04_00_06/source\ti/driverlib/lib/gcc/m0p/mspm0c110x/driverlib.a(dl_flashctl.o)
 .text.DL_FlashCTL_readVerifyFromRAM64WithECCManual
                0x00000000       0x44 C:/ti/mspm0_sdk_2_04_00_06/source\ti/driverlib/lib/gcc/m0p/mspm0c110x/driverlib.a(dl_flashctl.o)
 .text.DL_FlashCTL_readVerify8WithECCGenerated
                0x00000000       0x30 C:/ti/mspm0_sdk_2_04_00_06/source\ti/driverlib/lib/gcc/m0p/mspm0c110x/driverlib.a(dl_flashctl.o)
 .text.DL_FlashCTL_readVerify16WithECCGenerated
                0x00000000       0x30 C:/ti/mspm0_sdk_2_04_00_06/source\ti/driverlib/lib/gcc/m0p/mspm0c110x/driverlib.a(dl_flashctl.o)
 .text.DL_FlashCTL_readVerify32WithECCGenerated
                0x00000000       0x30 C:/ti/mspm0_sdk_2_04_00_06/source\ti/driverlib/lib/gcc/m0p/mspm0c110x/driverlib.a(dl_flashctl.o)
 .text.DL_FlashCTL_readVerify64WithECCGenerated
                0x00000000       0x3c C:/ti/mspm0_sdk_2_04_00_06/source\ti/driverlib/lib/gcc/m0p/mspm0c110x/driverlib.a(dl_flashctl.o)
 .text.DL_FlashCTL_readVerify8WithECCManual
                0x00000000       0x38 C:/ti/mspm0_sdk_2_04_00_06/source\ti/driverlib/lib/gcc/m0p/mspm0c110x/driverlib.a(dl_flashctl.o)
 .text.DL_FlashCTL_readVerify16WithECCManual
                0x00000000       0x38 C:/ti/mspm0_sdk_2_04_00_06/source\ti/driverlib/lib/gcc/m0p/mspm0c110x/driverlib.a(dl_flashctl.o)
 .text.DL_FlashCTL_readVerify32WithECCManual
                0x00000000       0x38 C:/ti/mspm0_sdk_2_04_00_06/source\ti/driverlib/lib/gcc/m0p/mspm0c110x/driverlib.a(dl_flashctl.o)
 .text.DL_FlashCTL_readVerify64WithECCManual
                0x00000000       0x44 C:/ti/mspm0_sdk_2_04_00_06/source\ti/driverlib/lib/gcc/m0p/mspm0c110x/driverlib.a(dl_flashctl.o)
 .text.DL_FlashCTL_blankVerify
                0x00000000       0x18 C:/ti/mspm0_sdk_2_04_00_06/source\ti/driverlib/lib/gcc/m0p/mspm0c110x/driverlib.a(dl_flashctl.o)
 .text.DL_FlashCTL_blankVerifyFromRAM
                0x00000000       0x18 C:/ti/mspm0_sdk_2_04_00_06/source\ti/driverlib/lib/gcc/m0p/mspm0c110x/driverlib.a(dl_flashctl.o)
 .text.DL_FlashCTL_eraseDataBank
                0x00000000       0xc4 C:/ti/mspm0_sdk_2_04_00_06/source\ti/driverlib/lib/gcc/m0p/mspm0c110x/driverlib.a(dl_flashctl.o)
 .text.DL_FlashCTL_massErase
                0x00000000       0x8c C:/ti/mspm0_sdk_2_04_00_06/source\ti/driverlib/lib/gcc/m0p/mspm0c110x/driverlib.a(dl_flashctl.o)
 .text.DL_FlashCTL_factoryReset
                0x00000000       0x48 C:/ti/mspm0_sdk_2_04_00_06/source\ti/driverlib/lib/gcc/m0p/mspm0c110x/driverlib.a(dl_flashctl.o)
 .text.DL_FlashCTL_massEraseMultiBank
                0x00000000      0x170 C:/ti/mspm0_sdk_2_04_00_06/source\ti/driverlib/lib/gcc/m0p/mspm0c110x/driverlib.a(dl_flashctl.o)
 .text.DL_FlashCTL_factoryResetMultiBank
                0x00000000       0x48 C:/ti/mspm0_sdk_2_04_00_06/source\ti/driverlib/lib/gcc/m0p/mspm0c110x/driverlib.a(dl_flashctl.o)
 .text.DL_FlashCTL_eraseDataBankFromRAM
                0x00000000       0xa8 C:/ti/mspm0_sdk_2_04_00_06/source\ti/driverlib/lib/gcc/m0p/mspm0c110x/driverlib.a(dl_flashctl.o)
 .text.DL_FlashCTL_massEraseFromRAM
                0x00000000       0x6c C:/ti/mspm0_sdk_2_04_00_06/source\ti/driverlib/lib/gcc/m0p/mspm0c110x/driverlib.a(dl_flashctl.o)
 .text.DL_FlashCTL_factoryResetFromRAM
                0x00000000       0x34 C:/ti/mspm0_sdk_2_04_00_06/source\ti/driverlib/lib/gcc/m0p/mspm0c110x/driverlib.a(dl_flashctl.o)
 .rodata.CSWTCH.105
                0x00000000        0x6 C:/ti/mspm0_sdk_2_04_00_06/source\ti/driverlib/lib/gcc/m0p/mspm0c110x/driverlib.a(dl_flashctl.o)
 .text.DL_UART_getClockConfig
                0x00000000       0x14 C:/ti/mspm0_sdk_2_04_00_06/source\ti/driverlib/lib/gcc/m0p/mspm0c110x/driverlib.a(dl_uart.o)
 .text.DL_UART_configBaudRate
                0x00000000       0xb0 C:/ti/mspm0_sdk_2_04_00_06/source\ti/driverlib/lib/gcc/m0p/mspm0c110x/driverlib.a(dl_uart.o)
 .text.DL_UART_configIrDAMode
                0x00000000       0x40 C:/ti/mspm0_sdk_2_04_00_06/source\ti/driverlib/lib/gcc/m0p/mspm0c110x/driverlib.a(dl_uart.o)
 .text.DL_UART_setIrDAPulseLength
                0x00000000       0x34 C:/ti/mspm0_sdk_2_04_00_06/source\ti/driverlib/lib/gcc/m0p/mspm0c110x/driverlib.a(dl_uart.o)
 .text.DL_UART_receiveDataBlocking
                0x00000000       0x1c C:/ti/mspm0_sdk_2_04_00_06/source\ti/driverlib/lib/gcc/m0p/mspm0c110x/driverlib.a(dl_uart.o)
 .text.DL_UART_transmitDataBlocking
                0x00000000       0x18 C:/ti/mspm0_sdk_2_04_00_06/source\ti/driverlib/lib/gcc/m0p/mspm0c110x/driverlib.a(dl_uart.o)
 .text.DL_UART_receiveDataCheck
                0x00000000       0x20 C:/ti/mspm0_sdk_2_04_00_06/source\ti/driverlib/lib/gcc/m0p/mspm0c110x/driverlib.a(dl_uart.o)
 .text.DL_UART_transmitDataCheck
                0x00000000       0x1c C:/ti/mspm0_sdk_2_04_00_06/source\ti/driverlib/lib/gcc/m0p/mspm0c110x/driverlib.a(dl_uart.o)
 .text.DL_UART_drainRXFIFO
                0x00000000       0x2c C:/ti/mspm0_sdk_2_04_00_06/source\ti/driverlib/lib/gcc/m0p/mspm0c110x/driverlib.a(dl_uart.o)
 .text.DL_UART_fillTXFIFO
                0x00000000       0x2c C:/ti/mspm0_sdk_2_04_00_06/source\ti/driverlib/lib/gcc/m0p/mspm0c110x/driverlib.a(dl_uart.o)
 .text.DL_UART_Main_saveConfiguration
                0x00000000       0x84 C:/ti/mspm0_sdk_2_04_00_06/source\ti/driverlib/lib/gcc/m0p/mspm0c110x/driverlib.a(dl_uart.o)
 .text.DL_UART_Main_restoreConfiguration
                0x00000000       0x90 C:/ti/mspm0_sdk_2_04_00_06/source\ti/driverlib/lib/gcc/m0p/mspm0c110x/driverlib.a(dl_uart.o)
 .text.DL_UART_Extend_saveConfiguration
                0x00000000       0xa8 C:/ti/mspm0_sdk_2_04_00_06/source\ti/driverlib/lib/gcc/m0p/mspm0c110x/driverlib.a(dl_uart.o)
 .text.DL_UART_Extend_restoreConfiguration
                0x00000000       0xc0 C:/ti/mspm0_sdk_2_04_00_06/source\ti/driverlib/lib/gcc/m0p/mspm0c110x/driverlib.a(dl_uart.o)

Memory Configuration

Name             Origin             Length             Attributes
FLASH            0x00000000         0x000017f0         xr
SRAM             0x20000000         0x00000400         xrw
BCR_CONFIG       0x41c00000         0x000000ff         r
*default*        0x00000000         0xffffffff

Linker script and memory map

LOAD ./ti_msp_dl_config.o
LOAD ./startup_mspm0c110x_gcc.o
LOAD ./src/bootloader.o
LOAD ./src/hal_bld.o
LOAD ./src/hal_flash.o
LOAD ./src/hal_gpio.o
LOAD ./src/hal_uart.o
LOAD ./utils/checksum.o
                0x00000000                _Min_Heap_Size = 0x0
                0x00000080                _Min_Stack_Size = 0x80
                0x00000000                PROVIDE (_intvecs_base_address = DEFINED (_intvecs_base_address)?_intvecs_base_address:0x0)

.intvecs        0x00000000       0xc0
 *(.intvecs)
 .intvecs       0x00000000       0xc0 ./startup_mspm0c110x_gcc.o
                0x00000000                interruptVectors
                0x20000000                PROVIDE (_vtable_base_address = DEFINED (_vtable_base_address)?_vtable_base_address:0x20000000)

.vtable
 *(.vtable)

.text           0x000000c0      0x848
 CREATE_OBJECT_SYMBOLS
 *(.text)
 .text          0x000000c0        0x0 ./ti_msp_dl_config.o
 .text          0x000000c0        0x0 ./startup_mspm0c110x_gcc.o
 .text          0x000000c0        0x0 ./src/bootloader.o
 .text          0x000000c0        0x0 ./src/hal_bld.o
 .text          0x000000c0        0x0 ./src/hal_flash.o
 .text          0x000000c0        0x0 ./src/hal_gpio.o
 .text          0x000000c0        0x0 ./src/hal_uart.o
 .text          0x000000c0        0x0 ./utils/checksum.o
 .text          0x000000c0        0x0 C:/ti/mspm0_sdk_2_04_00_06/source\ti/driverlib/lib/gcc/m0p/mspm0c110x/driverlib.a(dl_common.o)
 .text          0x000000c0        0x0 C:/ti/mspm0_sdk_2_04_00_06/source\ti/driverlib/lib/gcc/m0p/mspm0c110x/driverlib.a(dl_flashctl.o)
 .text          0x000000c0        0x0 C:/ti/mspm0_sdk_2_04_00_06/source\ti/driverlib/lib/gcc/m0p/mspm0c110x/driverlib.a(dl_uart.o)
 .text          0x000000c0      0x114 c:/ti/gcc_arm_none_eabi_9_2_1/bin/../lib/gcc/arm-none-eabi/9.2.1/thumb/v6-m/nofp\libgcc.a(_udivsi3.o)
                0x000000c0                __aeabi_uidiv
                0x000000c0                __udivsi3
                0x000001cc                __aeabi_uidivmod
 .text          0x000001d4      0x1d4 c:/ti/gcc_arm_none_eabi_9_2_1/bin/../lib/gcc/arm-none-eabi/9.2.1/thumb/v6-m/nofp\libgcc.a(_divsi3.o)
                0x000001d4                __divsi3
                0x000001d4                __aeabi_idiv
                0x000003a0                __aeabi_idivmod
 .text          0x000003a8        0x4 c:/ti/gcc_arm_none_eabi_9_2_1/bin/../lib/gcc/arm-none-eabi/9.2.1/thumb/v6-m/nofp\libgcc.a(_dvmd_tls.o)
                0x000003a8                __aeabi_idiv0
                0x000003a8                __aeabi_ldiv0
 .text          0x000003ac        0x0 C:/ti/gcc_arm_none_eabi_9_2_1/arm-none-eabi/lib/thumb/v6-m/nofp\libc.a(lib_a-init.o)
 .text          0x000003ac        0x0 C:/ti/gcc_arm_none_eabi_9_2_1/arm-none-eabi/lib/thumb/v6-m/nofp\libc.a(lib_a-memcpy-stub.o)
                0x000003b0                . = ALIGN (0x8)
 *fill*         0x000003ac        0x4 
 *(.text.*)
 .text.SYSCFG_DL_initPower
                0x000003b0       0x34 ./ti_msp_dl_config.o
                0x000003b0                SYSCFG_DL_initPower
 .text.SYSCFG_DL_GPIO_init
                0x000003e4       0x3c ./ti_msp_dl_config.o
                0x000003e4                SYSCFG_DL_GPIO_init
 .text.SYSCFG_DL_SYSCTL_init
                0x00000420       0x20 ./ti_msp_dl_config.o
                0x00000420                SYSCFG_DL_SYSCTL_init
 .text.SYSCFG_DL_UART_0_init
                0x00000440       0x88 ./ti_msp_dl_config.o
                0x00000440                SYSCFG_DL_UART_0_init
 .text.SYSCFG_DL_init
                0x000004c8       0x14 ./ti_msp_dl_config.o
                0x000004c8                SYSCFG_DL_init
 .text.Default_Handler
                0x000004dc        0x2 ./startup_mspm0c110x_gcc.o
                0x000004dc                TIMG8_IRQHandler
                0x000004dc                I2C0_IRQHandler
                0x000004dc                HardFault_Handler
                0x000004dc                GPIOA_IRQHandler
                0x000004dc                SysTick_Handler
                0x000004dc                PendSV_Handler
                0x000004dc                NMI_Handler
                0x000004dc                ADC0_IRQHandler
                0x000004dc                GROUP0_IRQHandler
                0x000004dc                Default_Handler
                0x000004dc                TIMG14_IRQHandler
                0x000004dc                SVC_Handler
                0x000004dc                SPI0_IRQHandler
                0x000004dc                DMA_IRQHandler
                0x000004dc                TIMA0_IRQHandler
 *fill*         0x000004de        0x2 
 .text.Reset_Handler
                0x000004e0       0x60 ./startup_mspm0c110x_gcc.o
                0x000004e0                Reset_Handler
 .text.initStub
                0x00000540        0x2 ./startup_mspm0c110x_gcc.o
                0x00000540                initStub
                0x00000540                _init
 *fill*         0x00000542        0x2 
 .text.bld_exe_cmd
                0x00000544       0x7c ./src/bootloader.o
 .text.main     0x000005c0       0x6c ./src/bootloader.o
                0x000005c0                main
 .text.hal_bld_verify_app_mem
                0x0000062c       0x3a ./src/hal_bld.o
                0x0000062c                hal_bld_verify_app_mem
 .text.hal_bld_go_to_main_app
                0x00000666        0x8 ./src/hal_bld.o
                0x00000666                hal_bld_go_to_main_app
 .text.hal_flash_check_blanking
                0x0000066e       0x1c ./src/hal_flash.o
                0x0000066e                hal_flash_check_blanking
 *fill*         0x0000068a        0x2 
 .text.hal_uart_en_irq
                0x0000068c       0x14 ./src/hal_uart.o
                0x0000068c                hal_uart_en_irq
 .text.hal_uart_burst_write
                0x000006a0       0x6c ./src/hal_uart.o
                0x000006a0                hal_uart_burst_write
 .text.hal_uart_read_cmd
                0x0000070c       0x30 ./src/hal_uart.o
                0x0000070c                hal_uart_read_cmd
 .text.hal_uart_fetch_rx_buf
                0x0000073c       0x18 ./src/hal_uart.o
                0x0000073c                hal_uart_fetch_rx_buf
 .text.UART0_IRQHandler
                0x00000754       0x48 ./src/hal_uart.o
                0x00000754                UART0_IRQHandler
 .text.calc_checksum
                0x0000079c       0x1a ./utils/checksum.o
                0x0000079c                calc_checksum
 *fill*         0x000007b6        0x2 
 .text.DL_Common_delayCycles
                0x000007b8        0xc C:/ti/mspm0_sdk_2_04_00_06/source\ti/driverlib/lib/gcc/m0p/mspm0c110x/driverlib.a(dl_common.o)
                0x000007b8                DL_Common_delayCycles
 .text.DL_UART_init
                0x000007c4       0x48 C:/ti/mspm0_sdk_2_04_00_06/source\ti/driverlib/lib/gcc/m0p/mspm0c110x/driverlib.a(dl_uart.o)
                0x000007c4                DL_UART_init
 .text.DL_UART_setClockConfig
                0x0000080c       0x14 C:/ti/mspm0_sdk_2_04_00_06/source\ti/driverlib/lib/gcc/m0p/mspm0c110x/driverlib.a(dl_uart.o)
                0x0000080c                DL_UART_setClockConfig
 .text.__libc_init_array
                0x00000820       0x44 C:/ti/gcc_arm_none_eabi_9_2_1/arm-none-eabi/lib/thumb/v6-m/nofp\libc.a(lib_a-init.o)
                0x00000820                __libc_init_array
 .text.memcpy   0x00000864       0xa4 C:/ti/gcc_arm_none_eabi_9_2_1/arm-none-eabi/lib/thumb/v6-m/nofp\libc.a(lib_a-memcpy-stub.o)
                0x00000864                memcpy
                0x00000908                . = ALIGN (0x8)
 *(.ctors)
                0x00000908                . = ALIGN (0x8)
 *(.dtors)
                0x00000908                . = ALIGN (0x8)
 *(.init)
                0x00000908                . = ALIGN (0x8)
 *(.fini*)
                0x00000908                . = ALIGN (0x8)

.glue_7         0x00000908        0x0
 .glue_7        0x00000908        0x0 linker stubs

.glue_7t        0x00000908        0x0
 .glue_7t       0x00000908        0x0 linker stubs

.vfp11_veneer   0x00000908        0x0
 .vfp11_veneer  0x00000908        0x0 linker stubs

.v4_bx          0x00000908        0x0
 .v4_bx         0x00000908        0x0 linker stubs

.iplt           0x00000908        0x0
 .iplt          0x00000908        0x0 ./ti_msp_dl_config.o

.ramfunc        0x20000000        0x0 load address 0x00000908
                0x00000908                __ramfunct_load__ = LOADADDR (.ramfunc)
                0x20000000                __ramfunct_start__ = .
 *(.ramfunc)
                0x20000000                . = ALIGN (0x8)
                0x20000000                __ramfunct_end__ = .

.rodata         0x00000908       0x10
 *(.rodata)
                0x00000908                . = ALIGN (0x8)
 *(.rodata.*)
 .rodata.gUART_0ClockConfig
                0x00000908        0x2 ./ti_msp_dl_config.o
 *fill*         0x0000090a        0x2 
 .rodata.gUART_0Config
                0x0000090c        0xa ./ti_msp_dl_config.o
                0x00000918                . = ALIGN (0x8)
 *fill*         0x00000916        0x2 

.rel.dyn        0x00000918        0x0
 .rel.iplt      0x00000918        0x0 ./ti_msp_dl_config.o

.preinit_array  0x00000918        0x0
                0x00000918                PROVIDE (__preinit_array_start = .)
 *(.preinit_array*)
                0x00000918                PROVIDE (__preinit_array_end = .)

.init_array     0x00000918        0x0
                0x00000918                . = ALIGN (0x8)
                0x00000918                PROVIDE (__init_array_start = .)
 *(SORT_BY_NAME(.init_array.*))
 *(.init_array*)
                0x00000918                PROVIDE (__init_array_end = .)

.fini_array     0x00000918        0x0
                0x00000918                . = ALIGN (0x8)
                [!provide]                PROVIDE (__fini_array_start = .)
 *(SORT_BY_NAME(.fini_array.*))
 *(.fini_array*)
                [!provide]                PROVIDE (__fini_array_end = .)
                0x00000918                . = ALIGN (0x8)

.ARM.exidx      0x00000918        0x0
                0x00000918                __exidx_start = .
 *(.ARM.exidx* .gnu.linkonce.armexidx.*)
                0x00000918                __exidx_end = .

.ARM.extab      0x00000918        0x0
                0x00000918                . = ALIGN (0x8)
 *(.ARM.extab* .gnu.linkonce.armextab.*)
                0x00000918                . = ALIGN (0x8)
                0x00000918                __etext = .

.data           0x20000000        0x0 load address 0x00000918
                0x00000918                __data_load__ = LOADADDR (.data)
                0x20000000                __data_start__ = .
 *(.data)
 .data          0x20000000        0x0 ./ti_msp_dl_config.o
 .data          0x20000000        0x0 ./startup_mspm0c110x_gcc.o
 .data          0x20000000        0x0 ./src/bootloader.o
 .data          0x20000000        0x0 ./src/hal_bld.o
 .data          0x20000000        0x0 ./src/hal_flash.o
 .data          0x20000000        0x0 ./src/hal_gpio.o
 .data          0x20000000        0x0 ./src/hal_uart.o
 .data          0x20000000        0x0 ./utils/checksum.o
 .data          0x20000000        0x0 C:/ti/mspm0_sdk_2_04_00_06/source\ti/driverlib/lib/gcc/m0p/mspm0c110x/driverlib.a(dl_common.o)
 .data          0x20000000        0x0 C:/ti/mspm0_sdk_2_04_00_06/source\ti/driverlib/lib/gcc/m0p/mspm0c110x/driverlib.a(dl_flashctl.o)
 .data          0x20000000        0x0 C:/ti/mspm0_sdk_2_04_00_06/source\ti/driverlib/lib/gcc/m0p/mspm0c110x/driverlib.a(dl_uart.o)
 .data          0x20000000        0x0 c:/ti/gcc_arm_none_eabi_9_2_1/bin/../lib/gcc/arm-none-eabi/9.2.1/thumb/v6-m/nofp\libgcc.a(_udivsi3.o)
 .data          0x20000000        0x0 c:/ti/gcc_arm_none_eabi_9_2_1/bin/../lib/gcc/arm-none-eabi/9.2.1/thumb/v6-m/nofp\libgcc.a(_divsi3.o)
 .data          0x20000000        0x0 c:/ti/gcc_arm_none_eabi_9_2_1/bin/../lib/gcc/arm-none-eabi/9.2.1/thumb/v6-m/nofp\libgcc.a(_dvmd_tls.o)
 .data          0x20000000        0x0 C:/ti/gcc_arm_none_eabi_9_2_1/arm-none-eabi/lib/thumb/v6-m/nofp\libc.a(lib_a-init.o)
 .data          0x20000000        0x0 C:/ti/gcc_arm_none_eabi_9_2_1/arm-none-eabi/lib/thumb/v6-m/nofp\libc.a(lib_a-memcpy-stub.o)
 *(.data*)
                0x20000000                . = ALIGN (0x8)
                0x20000000                __data_end__ = .

.igot.plt       0x20000000        0x0 load address 0x00000918
 .igot.plt      0x20000000        0x0 ./ti_msp_dl_config.o

.bss            0x20000000       0x88
                0x20000000                __bss_start__ = .
 *(.shbss)
 *(.bss)
 .bss           0x20000000        0x0 ./ti_msp_dl_config.o
 .bss           0x20000000        0x0 ./startup_mspm0c110x_gcc.o
 .bss           0x20000000        0x0 ./src/bootloader.o
 .bss           0x20000000        0x0 ./src/hal_bld.o
 .bss           0x20000000        0x0 ./src/hal_flash.o
 .bss           0x20000000        0x0 ./src/hal_gpio.o
 .bss           0x20000000        0x0 ./src/hal_uart.o
 .bss           0x20000000        0x0 ./utils/checksum.o
 .bss           0x20000000        0x0 C:/ti/mspm0_sdk_2_04_00_06/source\ti/driverlib/lib/gcc/m0p/mspm0c110x/driverlib.a(dl_common.o)
 .bss           0x20000000        0x0 C:/ti/mspm0_sdk_2_04_00_06/source\ti/driverlib/lib/gcc/m0p/mspm0c110x/driverlib.a(dl_flashctl.o)
 .bss           0x20000000        0x0 C:/ti/mspm0_sdk_2_04_00_06/source\ti/driverlib/lib/gcc/m0p/mspm0c110x/driverlib.a(dl_uart.o)
 .bss           0x20000000        0x0 c:/ti/gcc_arm_none_eabi_9_2_1/bin/../lib/gcc/arm-none-eabi/9.2.1/thumb/v6-m/nofp\libgcc.a(_udivsi3.o)
 .bss           0x20000000        0x0 c:/ti/gcc_arm_none_eabi_9_2_1/bin/../lib/gcc/arm-none-eabi/9.2.1/thumb/v6-m/nofp\libgcc.a(_divsi3.o)
 .bss           0x20000000        0x0 c:/ti/gcc_arm_none_eabi_9_2_1/bin/../lib/gcc/arm-none-eabi/9.2.1/thumb/v6-m/nofp\libgcc.a(_dvmd_tls.o)
 .bss           0x20000000        0x0 C:/ti/gcc_arm_none_eabi_9_2_1/arm-none-eabi/lib/thumb/v6-m/nofp\libc.a(lib_a-init.o)
 .bss           0x20000000        0x0 C:/ti/gcc_arm_none_eabi_9_2_1/arm-none-eabi/lib/thumb/v6-m/nofp\libc.a(lib_a-memcpy-stub.o)
 *(.bss.*)
 .bss.host_cmd  0x20000000        0x1 ./src/bootloader.o
                0x20000000                host_cmd
 .bss.sys_state
                0x20000001        0x1 ./src/bootloader.o
                0x20000001                sys_state
 *fill*         0x20000002        0x2 
 .bss.rx_buf    0x20000004       0x80 ./src/hal_uart.o
 .bss.rx_buf_cnt
                0x20000084        0x1 ./src/hal_uart.o
 *(COMMON)
                0x20000088                . = ALIGN (0x8)
 *fill*         0x20000085        0x3 
                0x20000088                __bss_end__ = .

.noinit         0x20000088        0x0
 *(*.noinit*)
                0x20000088                . = ALIGN (0x8)

.heap           0x20000088        0x0
                0x20000088                __heap_start__ = .
                0x20000088                end = __heap_start__
                0x20000088                _end = end
                0x20000088                __end = end
 *(.heap)
                0x20000088                __heap_end__ = .
                0x20000088                __HeapLimit = __heap_end__

.stack          0x20000088        0x0
                0x20000088                _stack = .
 *(.stack)

.BCRConfig
 *(.BCRConfig)
                0x20000400                __StackTop = (ORIGIN (REGION_STACK) + LENGTH (REGION_STACK))
                [!provide]                PROVIDE (__stack = __StackTop)
LOAD C:/ti/mspm0_sdk_2_04_00_06/source\ti/driverlib/lib/gcc/m0p/mspm0c110x/driverlib.a
LOAD c:/ti/gcc_arm_none_eabi_9_2_1/bin/../lib/gcc/arm-none-eabi/9.2.1/thumb/v6-m/nofp\libgcc.a
LOAD C:/ti/gcc_arm_none_eabi_9_2_1/arm-none-eabi/lib/thumb/v6-m/nofp\libc.a
LOAD C:/ti/gcc_arm_none_eabi_9_2_1/arm-none-eabi/lib/thumb/v6-m/nofp\libm.a
START GROUP
LOAD c:/ti/gcc_arm_none_eabi_9_2_1/bin/../lib/gcc/arm-none-eabi/9.2.1/thumb/v6-m/nofp\libgcc.a
LOAD C:/ti/gcc_arm_none_eabi_9_2_1/arm-none-eabi/lib/thumb/v6-m/nofp\libg.a
LOAD C:/ti/gcc_arm_none_eabi_9_2_1/arm-none-eabi/lib/thumb/v6-m/nofp\libc.a
END GROUP
START GROUP
LOAD c:/ti/gcc_arm_none_eabi_9_2_1/bin/../lib/gcc/arm-none-eabi/9.2.1/thumb/v6-m/nofp\libgcc.a
LOAD C:/ti/gcc_arm_none_eabi_9_2_1/arm-none-eabi/lib/thumb/v6-m/nofp\libc.a
LOAD C:/ti/gcc_arm_none_eabi_9_2_1/arm-none-eabi/lib/thumb/v6-m/nofp\libnosys.a
END GROUP
OUTPUT(bootloader.out elf32-littlearm)

.debug_info     0x00000000    0x27044
 .debug_info    0x00000000     0x4c1c ./ti_msp_dl_config.o
 .debug_info    0x00004c1c      0x1c4 ./startup_mspm0c110x_gcc.o
 .debug_info    0x00004de0     0x43f3 ./src/bootloader.o
 .debug_info    0x000091d3     0x42b5 ./src/hal_bld.o
 .debug_info    0x0000d488     0x44fe ./src/hal_flash.o
 .debug_info    0x00011986     0x480c ./src/hal_uart.o
 .debug_info    0x00016192      0x9a0 ./utils/checksum.o
 .debug_info    0x00016b32     0x3952 C:/ti/mspm0_sdk_2_04_00_06/source\ti/driverlib/lib/gcc/m0p/mspm0c110x/driverlib.a(dl_common.o)
 .debug_info    0x0001a484     0x81be C:/ti/mspm0_sdk_2_04_00_06/source\ti/driverlib/lib/gcc/m0p/mspm0c110x/driverlib.a(dl_flashctl.o)
 .debug_info    0x00022642     0x4a02 C:/ti/mspm0_sdk_2_04_00_06/source\ti/driverlib/lib/gcc/m0p/mspm0c110x/driverlib.a(dl_uart.o)

.debug_abbrev   0x00000000     0x19b1
 .debug_abbrev  0x00000000      0x317 ./ti_msp_dl_config.o
 .debug_abbrev  0x00000317       0xe9 ./startup_mspm0c110x_gcc.o
 .debug_abbrev  0x00000400      0x29d ./src/bootloader.o
 .debug_abbrev  0x0000069d      0x224 ./src/hal_bld.o
 .debug_abbrev  0x000008c1      0x2c4 ./src/hal_flash.o
 .debug_abbrev  0x00000b85      0x374 ./src/hal_uart.o
 .debug_abbrev  0x00000ef9      0x1ca ./utils/checksum.o
 .debug_abbrev  0x000010c3      0x126 C:/ti/mspm0_sdk_2_04_00_06/source\ti/driverlib/lib/gcc/m0p/mspm0c110x/driverlib.a(dl_common.o)
 .debug_abbrev  0x000011e9      0x448 C:/ti/mspm0_sdk_2_04_00_06/source\ti/driverlib/lib/gcc/m0p/mspm0c110x/driverlib.a(dl_flashctl.o)
 .debug_abbrev  0x00001631      0x380 C:/ti/mspm0_sdk_2_04_00_06/source\ti/driverlib/lib/gcc/m0p/mspm0c110x/driverlib.a(dl_uart.o)

.debug_loc      0x00000000     0x575a
 .debug_loc     0x00000000       0x13 ./ti_msp_dl_config.o
 .debug_loc     0x00000013       0x70 ./startup_mspm0c110x_gcc.o
 .debug_loc     0x00000083       0x4c ./src/bootloader.o
 .debug_loc     0x000000cf       0x78 ./src/hal_bld.o
 .debug_loc     0x00000147      0x1c1 ./src/hal_flash.o
 .debug_loc     0x00000308      0x143 ./src/hal_uart.o
 .debug_loc     0x0000044b       0x44 ./utils/checksum.o
 .debug_loc     0x0000048f     0x481a C:/ti/mspm0_sdk_2_04_00_06/source\ti/driverlib/lib/gcc/m0p/mspm0c110x/driverlib.a(dl_flashctl.o)
 .debug_loc     0x00004ca9      0xab1 C:/ti/mspm0_sdk_2_04_00_06/source\ti/driverlib/lib/gcc/m0p/mspm0c110x/driverlib.a(dl_uart.o)

.debug_aranges  0x00000000      0x4a0
 .debug_aranges
                0x00000000       0x40 ./ti_msp_dl_config.o
 .debug_aranges
                0x00000040       0x30 ./startup_mspm0c110x_gcc.o
 .debug_aranges
                0x00000070       0x28 ./src/bootloader.o
 .debug_aranges
                0x00000098       0x28 ./src/hal_bld.o
 .debug_aranges
                0x000000c0       0x48 ./src/hal_flash.o
 .debug_aranges
                0x00000108       0x50 ./src/hal_uart.o
 .debug_aranges
                0x00000158       0x20 ./utils/checksum.o
 .debug_aranges
                0x00000178       0x20 C:/ti/mspm0_sdk_2_04_00_06/source\ti/driverlib/lib/gcc/m0p/mspm0c110x/driverlib.a(dl_common.o)
 .debug_aranges
                0x00000198      0x270 C:/ti/mspm0_sdk_2_04_00_06/source\ti/driverlib/lib/gcc/m0p/mspm0c110x/driverlib.a(dl_flashctl.o)
 .debug_aranges
                0x00000408       0x98 C:/ti/mspm0_sdk_2_04_00_06/source\ti/driverlib/lib/gcc/m0p/mspm0c110x/driverlib.a(dl_uart.o)

.debug_ranges   0x00000000     0x1ca8
 .debug_ranges  0x00000000       0x30 ./ti_msp_dl_config.o
 .debug_ranges  0x00000030       0x20 ./startup_mspm0c110x_gcc.o
 .debug_ranges  0x00000050       0x30 ./src/bootloader.o
 .debug_ranges  0x00000080       0x30 ./src/hal_bld.o
 .debug_ranges  0x000000b0       0x50 ./src/hal_flash.o
 .debug_ranges  0x00000100       0x40 ./src/hal_uart.o
 .debug_ranges  0x00000140       0x28 ./utils/checksum.o
 .debug_ranges  0x00000168       0x10 C:/ti/mspm0_sdk_2_04_00_06/source\ti/driverlib/lib/gcc/m0p/mspm0c110x/driverlib.a(dl_common.o)
 .debug_ranges  0x00000178     0x17c0 C:/ti/mspm0_sdk_2_04_00_06/source\ti/driverlib/lib/gcc/m0p/mspm0c110x/driverlib.a(dl_flashctl.o)
 .debug_ranges  0x00001938      0x370 C:/ti/mspm0_sdk_2_04_00_06/source\ti/driverlib/lib/gcc/m0p/mspm0c110x/driverlib.a(dl_uart.o)

.debug_line     0x00000000     0x61ba
 .debug_line    0x00000000      0x61c ./ti_msp_dl_config.o
 .debug_line    0x0000061c      0x16c ./startup_mspm0c110x_gcc.o
 .debug_line    0x00000788      0x4e5 ./src/bootloader.o
 .debug_line    0x00000c6d      0x3a5 ./src/hal_bld.o
 .debug_line    0x00001012      0x54c ./src/hal_flash.o
 .debug_line    0x0000155e        0x0 ./src/hal_gpio.o
 .debug_line    0x0000155e      0x61f ./src/hal_uart.o
 .debug_line    0x00001b7d      0x17b ./utils/checksum.o
 .debug_line    0x00001cf8      0x3b7 C:/ti/mspm0_sdk_2_04_00_06/source\ti/driverlib/lib/gcc/m0p/mspm0c110x/driverlib.a(dl_common.o)
 .debug_line    0x000020af     0x32c8 C:/ti/mspm0_sdk_2_04_00_06/source\ti/driverlib/lib/gcc/m0p/mspm0c110x/driverlib.a(dl_flashctl.o)
 .debug_line    0x00005377      0xe43 C:/ti/mspm0_sdk_2_04_00_06/source\ti/driverlib/lib/gcc/m0p/mspm0c110x/driverlib.a(dl_uart.o)

.debug_str      0x00000000     0x4040
 .debug_str     0x00000000     0x1f9c ./ti_msp_dl_config.o
                               0x2088 (size before relaxing)
 .debug_str     0x00001f9c       0xf2 ./startup_mspm0c110x_gcc.o
                                0x296 (size before relaxing)
 .debug_str     0x0000208e      0x14d ./src/bootloader.o
                               0x172e (size before relaxing)
 .debug_str     0x000021db       0x72 ./src/hal_bld.o
                               0x1649 (size before relaxing)
 .debug_str     0x0000224d      0x1eb ./src/hal_flash.o
                               0x17d1 (size before relaxing)
 .debug_str     0x00002438       0x12 ./src/hal_gpio.o
                                0x11e (size before relaxing)
 .debug_str     0x0000244a      0x44c ./src/hal_uart.o
                               0x1b3a (size before relaxing)
 .debug_str     0x00002896       0x2b ./utils/checksum.o
                                0x5f0 (size before relaxing)
 .debug_str     0x000028c1      0x1aa C:/ti/mspm0_sdk_2_04_00_06/source\ti/driverlib/lib/gcc/m0p/mspm0c110x/driverlib.a(dl_common.o)
                               0x1232 (size before relaxing)
 .debug_str     0x00002a6b     0x1154 C:/ti/mspm0_sdk_2_04_00_06/source\ti/driverlib/lib/gcc/m0p/mspm0c110x/driverlib.a(dl_flashctl.o)
                               0x242d (size before relaxing)
 .debug_str     0x00003bbf      0x481 C:/ti/mspm0_sdk_2_04_00_06/source\ti/driverlib/lib/gcc/m0p/mspm0c110x/driverlib.a(dl_uart.o)
                               0x1ba8 (size before relaxing)

.comment        0x00000000       0x79
 .comment       0x00000000       0x79 ./ti_msp_dl_config.o
                                 0x7a (size before relaxing)
 .comment       0x00000079       0x7a ./startup_mspm0c110x_gcc.o
 .comment       0x00000079       0x7a ./src/bootloader.o
 .comment       0x00000079       0x7a ./src/hal_bld.o
 .comment       0x00000079       0x7a ./src/hal_flash.o
 .comment       0x00000079       0x7a ./src/hal_gpio.o
 .comment       0x00000079       0x7a ./src/hal_uart.o
 .comment       0x00000079       0x7a ./utils/checksum.o
 .comment       0x00000079       0x7a C:/ti/mspm0_sdk_2_04_00_06/source\ti/driverlib/lib/gcc/m0p/mspm0c110x/driverlib.a(dl_common.o)
 .comment       0x00000079       0x7a C:/ti/mspm0_sdk_2_04_00_06/source\ti/driverlib/lib/gcc/m0p/mspm0c110x/driverlib.a(dl_flashctl.o)
 .comment       0x00000079       0x7a C:/ti/mspm0_sdk_2_04_00_06/source\ti/driverlib/lib/gcc/m0p/mspm0c110x/driverlib.a(dl_uart.o)

.ARM.attributes
                0x00000000       0x32
 .ARM.attributes
                0x00000000       0x2b ./ti_msp_dl_config.o
 .ARM.attributes
                0x0000002b       0x2b ./startup_mspm0c110x_gcc.o
 .ARM.attributes
                0x00000056       0x2b ./src/bootloader.o
 .ARM.attributes
                0x00000081       0x2b ./src/hal_bld.o
 .ARM.attributes
                0x000000ac       0x2b ./src/hal_flash.o
 .ARM.attributes
                0x000000d7       0x32 ./src/hal_gpio.o
 .ARM.attributes
                0x00000109       0x2b ./src/hal_uart.o
 .ARM.attributes
                0x00000134       0x2b ./utils/checksum.o
 .ARM.attributes
                0x0000015f       0x2b C:/ti/mspm0_sdk_2_04_00_06/source\ti/driverlib/lib/gcc/m0p/mspm0c110x/driverlib.a(dl_common.o)
 .ARM.attributes
                0x0000018a       0x2b C:/ti/mspm0_sdk_2_04_00_06/source\ti/driverlib/lib/gcc/m0p/mspm0c110x/driverlib.a(dl_flashctl.o)
 .ARM.attributes
                0x000001b5       0x2b C:/ti/mspm0_sdk_2_04_00_06/source\ti/driverlib/lib/gcc/m0p/mspm0c110x/driverlib.a(dl_uart.o)
 .ARM.attributes
                0x000001e0       0x1e c:/ti/gcc_arm_none_eabi_9_2_1/bin/../lib/gcc/arm-none-eabi/9.2.1/thumb/v6-m/nofp\libgcc.a(_udivsi3.o)
 .ARM.attributes
                0x000001fe       0x1e c:/ti/gcc_arm_none_eabi_9_2_1/bin/../lib/gcc/arm-none-eabi/9.2.1/thumb/v6-m/nofp\libgcc.a(_divsi3.o)
 .ARM.attributes
                0x0000021c       0x1e c:/ti/gcc_arm_none_eabi_9_2_1/bin/../lib/gcc/arm-none-eabi/9.2.1/thumb/v6-m/nofp\libgcc.a(_dvmd_tls.o)
 .ARM.attributes
                0x0000023a       0x2c C:/ti/gcc_arm_none_eabi_9_2_1/arm-none-eabi/lib/thumb/v6-m/nofp\libc.a(lib_a-init.o)
 .ARM.attributes
                0x00000266       0x2c C:/ti/gcc_arm_none_eabi_9_2_1/arm-none-eabi/lib/thumb/v6-m/nofp\libc.a(lib_a-memcpy-stub.o)

.debug_frame    0x00000000      0xd3c
 .debug_frame   0x00000000       0x7c ./ti_msp_dl_config.o
 .debug_frame   0x0000007c       0x48 ./startup_mspm0c110x_gcc.o
 .debug_frame   0x000000c4       0x48 ./src/bootloader.o
 .debug_frame   0x0000010c       0x38 ./src/hal_bld.o
 .debug_frame   0x00000144       0xac ./src/hal_flash.o
 .debug_frame   0x000001f0       0xa8 ./src/hal_uart.o
 .debug_frame   0x00000298       0x28 ./utils/checksum.o
 .debug_frame   0x000002c0       0x20 C:/ti/mspm0_sdk_2_04_00_06/source\ti/driverlib/lib/gcc/m0p/mspm0c110x/driverlib.a(dl_common.o)
 .debug_frame   0x000002e0      0x818 C:/ti/mspm0_sdk_2_04_00_06/source\ti/driverlib/lib/gcc/m0p/mspm0c110x/driverlib.a(dl_flashctl.o)
 .debug_frame   0x00000af8      0x1a4 C:/ti/mspm0_sdk_2_04_00_06/source\ti/driverlib/lib/gcc/m0p/mspm0c110x/driverlib.a(dl_uart.o)
 .debug_frame   0x00000c9c       0x20 c:/ti/gcc_arm_none_eabi_9_2_1/bin/../lib/gcc/arm-none-eabi/9.2.1/thumb/v6-m/nofp\libgcc.a(_udivsi3.o)
 .debug_frame   0x00000cbc       0x20 c:/ti/gcc_arm_none_eabi_9_2_1/bin/../lib/gcc/arm-none-eabi/9.2.1/thumb/v6-m/nofp\libgcc.a(_divsi3.o)
 .debug_frame   0x00000cdc       0x2c C:/ti/gcc_arm_none_eabi_9_2_1/arm-none-eabi/lib/thumb/v6-m/nofp\libc.a(lib_a-init.o)
 .debug_frame   0x00000d08       0x34 C:/ti/gcc_arm_none_eabi_9_2_1/arm-none-eabi/lib/thumb/v6-m/nofp\libc.a(lib_a-memcpy-stub.o)
