******************************************************************************
            TI ARM Clang Linker PC v4.0.0                      
******************************************************************************
>> Linked Wed Mar 19 17:17:10 2025

OUTPUT FILE NAME:   <uart_echo_interrupts_standby_LP_MSPM0C1104_nortos_ticlang.out>
ENTRY POINT SYMBOL: "_c_int00_noargs"  address: 000003f9


MEMORY CONFIGURATION

         name            origin    length      used     unused   attr    fill
----------------------  --------  ---------  --------  --------  ----  --------
  FLASH                 00000000   00004000  000004a0  00003b60  R  X
  SRAM                  20000000   00000400  00000041  000003bf  RW X
  BCR_CONFIG            41c00000   000000ff  00000000  000000ff  R   


SEGMENT ALLOCATION MAP

run origin  load origin   length   init length attrs members
----------  ----------- ---------- ----------- ----- -------
00000000    00000000    000004a0   000004a0    r-x
  00000000    00000000    000000c0   000000c0    r-- .intvecs
  000000c0    000000c0    000003b8   000003b8    r-x .text
  00000478    00000478    00000010   00000010    r-- .rodata
  00000488    00000488    00000018   00000018    r-- .cinit
20000000    20000000    00000001   00000000    rw-
  20000000    20000000    00000001   00000000    rw- .data
200003c0    200003c0    00000040   00000000    rw-
  200003c0    200003c0    00000040   00000000    rw- .stack


SECTION ALLOCATION MAP

 output                                  attributes/
section   page    origin      length       input sections
--------  ----  ----------  ----------   ----------------
.intvecs   0    00000000    000000c0     
                  00000000    000000c0     startup_mspm0c110x_ticlang.o (.intvecs)

.text      0    000000c0    000003b8     
                  000000c0    0000009a     libc.a : memcpy16.S.obj (.text:memcpy)
                  0000015a    00000002     startup_mspm0c110x_ticlang.o (.text.Default_Handler)
                  0000015c    0000007c     libc.a : copy_decompress_lzss.c.obj (.text:decompress:lzss)
                  000001d8    00000074     ti_msp_dl_config.o (.text.SYSCFG_DL_UART_0_init)
                  0000024c    00000054     ti_msp_dl_config.o (.text.SYSCFG_DL_GPIO_init)
                  000002a0    00000048     driverlib.a : dl_uart.o (.text.DL_UART_init)
                  000002e8    00000044     ti_msp_dl_config.o (.text.SYSCFG_DL_SYSCTL_init)
                  0000032c    0000003c     libc.a : autoinit.c.obj (.text:__TI_auto_init_nobinit_nopinit)
                  00000368    00000034     uart_echo_interrupts_standby.o (.text.UART0_IRQHandler)
                  0000039c    00000030     uart_echo_interrupts_standby.o (.text.main)
                  000003cc    0000002c     ti_msp_dl_config.o (.text.SYSCFG_DL_initPower)
                  000003f8    00000028     libc.a : boot_cortex_m.c.obj (.text:_c_int00_noargs)
                  00000420    00000014     ti_msp_dl_config.o (.text.SYSCFG_DL_init)
                  00000434    00000012     driverlib.a : dl_uart.o (.text.DL_UART_setClockConfig)
                  00000446    00000012     libc.a : copy_decompress_none.c.obj (.text:decompress:none)
                  00000458    0000000a     driverlib.a : dl_common.o (.text.DL_Common_delayCycles)
                  00000462    00000002     --HOLE-- [fill = 0]
                  00000464    00000008     libclang_rt.builtins.a : aeabi_memcpy.S.obj (.text.__aeabi_memcpy)
                  0000046c    00000004     startup_mspm0c110x_ticlang.o (.text.Reset_Handler)
                  00000470    00000004     libc.a : pre_init.c.obj (.text._system_pre_init)
                  00000474    00000004            : exit.c.obj (.text:abort)

.cinit     0    00000488    00000018     
                  00000488    00000008     (__TI_handler_table)
                  00000490    00000005     (.cinit..data.load) [load image, compression = lzss]
                  00000495    00000003     --HOLE-- [fill = 0]
                  00000498    00000008     (__TI_cinit_table)

.rodata    0    00000478    00000010     
                  00000478    0000000a     ti_msp_dl_config.o (.rodata.gUART_0Config)
                  00000482    00000002     ti_msp_dl_config.o (.rodata.gUART_0ClockConfig)
                  00000484    00000004     --HOLE-- [fill = 0]

.init_array 
*          0    00000000    00000000     UNINITIALIZED

.binit     0    00000000    00000000     

.data      0    20000000    00000001     UNINITIALIZED
                  20000000    00000001     uart_echo_interrupts_standby.o (.data.gEchoData)

.stack     0    200003c0    00000040     UNINITIALIZED
                  200003c0    00000004     libc.a : boot_cortex_m.c.obj (.stack)
                  200003c4    0000003c     --HOLE--

__llvm_prf_cnts 
*          0    20000000    00000000     UNINITIALIZED

__llvm_prf_bits 
*          0    20000000    00000000     UNINITIALIZED

MODULE SUMMARY

       Module                           code   ro data   rw data
       ------                           ----   -------   -------
    .\
       ti_msp_dl_config.o               332    12        0      
       startup_mspm0c110x_ticlang.o     6      192       0      
       uart_echo_interrupts_standby.o   100    0         1      
    +--+--------------------------------+------+---------+---------+
       Total:                           438    204       1      
                                                                
    C:/ti/mspm0_sdk_2_04_00_06/source/ti/driverlib/lib/ticlang/m0p/mspm0c110x/driverlib.a
       dl_uart.o                        90     0         0      
       dl_common.o                      10     0         0      
    +--+--------------------------------+------+---------+---------+
       Total:                           100    0         0      
                                                                
    C:\ti\ccstheia151\ccs\tools\compiler\ti-cgt-armllvm_4.0.0.LTS\lib\armv6m-ti-none-eabi/c/libc.a
       memcpy16.S.obj                   154    0         0      
       copy_decompress_lzss.c.obj       124    0         0      
       autoinit.c.obj                   60     0         0      
       boot_cortex_m.c.obj              40     0         0      
       copy_decompress_none.c.obj       18     0         0      
       exit.c.obj                       4      0         0      
       pre_init.c.obj                   4      0         0      
    +--+--------------------------------+------+---------+---------+
       Total:                           404    0         0      
                                                                
    C:\ti\ccstheia151\ccs\tools\compiler\ti-cgt-armllvm_4.0.0.LTS\lib\armv6m-ti-none-eabi/libclang_rt.builtins.a
       aeabi_memcpy.S.obj               8      0         0      
    +--+--------------------------------+------+---------+---------+
       Total:                           8      0         0      
                                                                
       Stack:                           0      0         64     
       Linker Generated:                0      21        0      
    +--+--------------------------------+------+---------+---------+
       Grand Total:                     950    225       65     


LINKER GENERATED COPY TABLES

__TI_cinit_table @ 00000498 records: 1, size/record: 8, table size: 8
	.data: load addr=00000490, load size=00000005 bytes, run addr=20000000, run size=00000001 bytes, compression=lzss


LINKER GENERATED HANDLER TABLE

__TI_handler_table @ 00000488 records: 2, size/record: 4, table size: 8
	index: 0, handler: __TI_decompress_lzss
	index: 1, handler: __TI_decompress_none


GLOBAL SYMBOLS: SORTED ALPHABETICALLY BY Name 

address   name                          
-------   ----                          
0000015b  ADC0_IRQHandler               
00000474  C$$EXIT                       
00000459  DL_Common_delayCycles         
000002a1  DL_UART_init                  
00000435  DL_UART_setClockConfig        
0000015b  DMA_IRQHandler                
0000015b  Default_Handler               
0000015b  GPIOA_IRQHandler              
0000015b  GROUP0_IRQHandler             
0000015b  HardFault_Handler             
0000015b  I2C0_IRQHandler               
0000015b  NMI_Handler                   
0000015b  PendSV_Handler                
0000046d  Reset_Handler                 
0000015b  SPI0_IRQHandler               
0000015b  SVC_Handler                   
0000024d  SYSCFG_DL_GPIO_init           
000002e9  SYSCFG_DL_SYSCTL_init         
000001d9  SYSCFG_DL_UART_0_init         
00000421  SYSCFG_DL_init                
000003cd  SYSCFG_DL_initPower           
0000015b  SysTick_Handler               
0000015b  TIMA0_IRQHandler              
0000015b  TIMG14_IRQHandler             
0000015b  TIMG8_IRQHandler              
00000369  UART0_IRQHandler              
20000400  __STACK_END                   
00000040  __STACK_SIZE                  
00000000  __TI_ATRegion0_region_sz      
00000000  __TI_ATRegion0_src_addr       
00000000  __TI_ATRegion0_trg_addr       
00000000  __TI_ATRegion1_region_sz      
00000000  __TI_ATRegion1_src_addr       
00000000  __TI_ATRegion1_trg_addr       
00000000  __TI_ATRegion2_region_sz      
00000000  __TI_ATRegion2_src_addr       
00000000  __TI_ATRegion2_trg_addr       
00000498  __TI_CINIT_Base               
000004a0  __TI_CINIT_Limit              
000004a0  __TI_CINIT_Warm               
00000488  __TI_Handler_Table_Base       
00000490  __TI_Handler_Table_Limit      
0000032d  __TI_auto_init_nobinit_nopinit
0000015d  __TI_decompress_lzss          
00000447  __TI_decompress_none          
ffffffff  __TI_pprof_out_hndl           
ffffffff  __TI_prof_data_size           
ffffffff  __TI_prof_data_start          
00000000  __TI_static_base__            
00000465  __aeabi_memcpy                
00000465  __aeabi_memcpy4               
00000465  __aeabi_memcpy8               
ffffffff  __binit__                     
UNDEFED   __mpu_init                    
200003c0  __stack                       
20000000  __start___llvm_prf_bits       
20000000  __start___llvm_prf_cnts       
20000000  __stop___llvm_prf_bits        
20000000  __stop___llvm_prf_cnts        
000003f9  _c_int00_noargs               
UNDEFED   _system_post_cinit            
00000471  _system_pre_init              
00000475  abort                         
ffffffff  binit                         
20000000  gEchoData                     
00000000  interruptVectors              
0000039d  main                          
000000c1  memcpy                        


GLOBAL SYMBOLS: SORTED BY Symbol Address 

address   name                          
-------   ----                          
00000000  __TI_ATRegion0_region_sz      
00000000  __TI_ATRegion0_src_addr       
00000000  __TI_ATRegion0_trg_addr       
00000000  __TI_ATRegion1_region_sz      
00000000  __TI_ATRegion1_src_addr       
00000000  __TI_ATRegion1_trg_addr       
00000000  __TI_ATRegion2_region_sz      
00000000  __TI_ATRegion2_src_addr       
00000000  __TI_ATRegion2_trg_addr       
00000000  __TI_static_base__            
00000000  interruptVectors              
00000040  __STACK_SIZE                  
000000c1  memcpy                        
0000015b  ADC0_IRQHandler               
0000015b  DMA_IRQHandler                
0000015b  Default_Handler               
0000015b  GPIOA_IRQHandler              
0000015b  GROUP0_IRQHandler             
0000015b  HardFault_Handler             
0000015b  I2C0_IRQHandler               
0000015b  NMI_Handler                   
0000015b  PendSV_Handler                
0000015b  SPI0_IRQHandler               
0000015b  SVC_Handler                   
0000015b  SysTick_Handler               
0000015b  TIMA0_IRQHandler              
0000015b  TIMG14_IRQHandler             
0000015b  TIMG8_IRQHandler              
0000015d  __TI_decompress_lzss          
000001d9  SYSCFG_DL_UART_0_init         
0000024d  SYSCFG_DL_GPIO_init           
000002a1  DL_UART_init                  
000002e9  SYSCFG_DL_SYSCTL_init         
0000032d  __TI_auto_init_nobinit_nopinit
00000369  UART0_IRQHandler              
0000039d  main                          
000003cd  SYSCFG_DL_initPower           
000003f9  _c_int00_noargs               
00000421  SYSCFG_DL_init                
00000435  DL_UART_setClockConfig        
00000447  __TI_decompress_none          
00000459  DL_Common_delayCycles         
00000465  __aeabi_memcpy                
00000465  __aeabi_memcpy4               
00000465  __aeabi_memcpy8               
0000046d  Reset_Handler                 
00000471  _system_pre_init              
00000474  C$$EXIT                       
00000475  abort                         
00000488  __TI_Handler_Table_Base       
00000490  __TI_Handler_Table_Limit      
00000498  __TI_CINIT_Base               
000004a0  __TI_CINIT_Limit              
000004a0  __TI_CINIT_Warm               
20000000  __start___llvm_prf_bits       
20000000  __start___llvm_prf_cnts       
20000000  __stop___llvm_prf_bits        
20000000  __stop___llvm_prf_cnts        
20000000  gEchoData                     
200003c0  __stack                       
20000400  __STACK_END                   
ffffffff  __TI_pprof_out_hndl           
ffffffff  __TI_prof_data_size           
ffffffff  __TI_prof_data_start          
ffffffff  __binit__                     
ffffffff  binit                         
UNDEFED   __mpu_init                    
UNDEFED   _system_post_cinit            

[68 symbols]
